38CGIKLLIFB843
6BEIKOONLHDB75
5AEJLOQPNJEC85
5ADGKNQPMJFB96
58CGKNPOMIFC96
69DHILNNKGEDA7
48CFIKMLKHEB86
59BEIKLLJHDB97
57BEHJKJIFDA97
579CEHHGFDAA98
468ACDEDCBA998
4678ABBA9A9899
