010101011010
011010100101
100101010110
101010101001
011001100101
100110011010
011010010110
100101101001
011001001011
101010110100
100110010011
010101101100
