3333334
3434454
3443344
2333233

4644343
6765434
5553454
3444333

5653232
6854333
6764432
3454321

3432121
5653221
5543332
3444332

2211100
3223221
2334322
2333333

2222100
2233311
1244432
1233333

1223210
1244331
0345432
1234432

0133310
0245420
0245431
0133321
