2344565
3455555
4555544
3554544
3455443
3444322
2342100
1222100
