0 0 13.796875
0 1 -30.84375
0 2 -54.3125
1 0 11.28125
1 1 38.5625
1 2 23.125
1 3 3.75
2 0 -1.25
2 1 54.890625
2 2 49.8125
2 4 -7.578125
3 1 57.8125
3 2 128.40625
3 3 79.4375
3 4 43.1953125
3 5 45.5
4 2 61.28125
4 3 39.75
4 4 -4.8359375
4 5 5.0
4 6 -47.5
5 3 14.4375
5 4 81.0
5 5 22.953125
5 6 98.09375
5 7 -1.9375
6 4 -67.5
6 5 -11.5
6 6 -50.375
6 7 6.734375
6 8 53.125
7 5 -20.78125
7 6 17.5
7 7 14.8671875
7 8 70.03125
7 9 28.125
8 6 -37.5
8 7 3.28125
8 8 -59.453125
8 9 95.15625
9 7 15.46875
9 8 59.203125
9 9 -4.6875
