467887
568AA9
67BADB
6B9BCC
89CBEA
589A99
357676

578988
6AABB9
8ADDDC
9DEEFE
9DFFDD
8CDDDA
479A98

578989
8AABBA
BCEEEB
BEHHFB
DFHGFB
9EEFDA
69ABB9

468887
8ABBB9
ADFEDA
BEGFD9
BFGGEA
ACFDD9
489A96

466776
689998
9CCCA8
9EEDA9
ADEDA8
79BBA6
377965
