NONE
(0, 0), (2, 0), (0, 2), (0, 4), (2, 7), (0, 9), (2, 9), (4, 9)
