0 2 3
0 1 3 1
2 2 6
1 2 1 6
2 1 2 3
3 0 2
2 0 1 2
3 0 1 2
3 0 2 1
3 3 5
0 3 1 5
5 0 6
4 0 3 2
5 3 2
4 3 1 2
5 2 2 1
6 1 3
4 1 1 3
6 0 3 1
7 0 2
6 0 1 2
7 2 2
6 2 1 2
