FRFLUBRFDRBLBRDRUF
FUFDRBUFLUBDBULURF
RFRBULFRDFLBLFDFUR
RURDFLURBULDLUBUFR
UFUBRDFULFDBDFLFRU
URULFDRUBRDLDRBRFU
