+=====================+
 \                   /
  \                 /
   \               /
    \             /
     \           /
      \         /
       \       /
        \     /
         \   /
          \ /
           X
          /o\
         /ooo\
        /ooooo\
       /ooooooo\
      /ooooooooo\
     /ooooooooooo\
    /ooooooooooooo\
   /ooooooooooooooo\
  /ooooooooooooooooo\
 /ooooooooooooooooooo\
+=====================+
