227
5508
52
1726
5731
1300
306
3
3405
450
102
4386
3882
2694
819
1200
3108
436
504
2130
