~~~~22~~~~
~5~3~~333~
~5~33~~~~~
~5~~~~333~
~55~22~~~~
~~~~~~1~3~
~6~777~~3~
~66~~77~3~
~666~~77~~
~~~~~1~~~1
