0.000(0001353289847619563158037188405012585595582861937369745852166617046038920616017538636425149538528161961728963109318753890708311906244079356916664411183587300728069938019324979024007361896771050423579722304923268465639970768939291417435786396730451728151135410182152813489593201071805559314694021165453216769967791701626654396838714915960700462825127885890600048718434514304273689338782580453081440983029745310850677998213657401142176631390911305383387013830622242671935475140065499228624786856848999918802609142826210517768695699244864265028283757815248870002977237664763038947681814491027688310282296262213440874766557501285625355238585)
