0cf5c2bf 9aba68ef c18fb79b de70eef7
c18fb79b de70eef7 0cf5c2bf 9aba68ef
