05496374484069145828464261242049616787491900287079
