1 5 4 2 3 6
2 4 3 5 6 1
5 6 1 3 4 2
4 3 6 1 2 5
3 1 2 6 5 4
6 2 5 4 1 3
