68013a34a7720624ba571c2a94ef52bc75b14dfc061942846276265b0083de38
