....#####.....
...##...##....
..##zBBBz##...
.##.zBBBz.##..
##zzzzzzzz.##.
#.BBz.zBBz##..
#.BBz.zBB##...
##zzzzzzzz##..
.##.zBB#...##.
..##zz###...#.
...####.##....
