o-oo-o.
o-oo-oo
.o-oo.|
.o-o|oo
oo..o|o
||o-oo|
ooo-o.o
