    DDB
    DUL
    FRR

BBU LFF DFU RFL
DLU FFR URL BBR
RLL BBD RBF DLU

    UUB
    DDR
    FUL
