6
1*96/2/2
96/1/2/2
1*96/(2+2)
96/(2+1*2)
96/(2+2/1)
96/1/(2+2)
