       Monday        Tuesday       Wednesday       Thursday        Friday
 8 -------------- -------------- -------------- -------------- --------------
 9 -------------- -------------- Ivy/Saxophone  Alma/Trombone  --------------
10 -------------- -------------- -------------- -------------- --------------
11 -------------- --------------  Ben/Trumpet    MJ/Saxophone  --------------
       LUNCH          LUNCH          LUNCH          LUNCH          LUNCH
 1 -------------- Alma/Trombone    Jim/Drums    -------------- --------------
 2 -------------- Ivy/Saxophone  -------------- -------------- --------------
 3 --------------  Ben/Trumpet   -------------- -------------- --------------
 4  MJ/Saxophone  -------------- -------------- -------------- Ivy/Saxophone

256+34+14+36+256=596
0+0+50+50+0=100
10+24+24+12+2=72
0+15+15+15+0=45
813
