<table>
<tr><td>7</td><td>350</td><td>unknown</td><td>5</td></tr>
<tr><td></td><td>-38</td><td>unknown error</td><td>10</td></tr>
</table>
