    DBU
    BRR
    FUL

BDD RLD FUL FLL
RUD LFF RDD FBB
DLB UBF URR UFB

    LUR
    FLD
    RUB
