o-oo-o..
.oo..o-o
o||oo-oo
|oo|...|
o..o.ooo
..o-o||.
.o-o.oo.
o-oo-o..
