       Monday        Tuesday       Wednesday       Thursday        Friday
 8 -------------- -------------- -------------- -------------- --------------
 9 -------------- -------------- --------------   Emma/Flute   --------------
10 -------------- Ella/Baritone  -------------- Jack/Saxophone --------------
11 -------------- Jack/Saxophone -------------- Ella/Baritone  --------------
       LUNCH          LUNCH          LUNCH          LUNCH          LUNCH
 1 --------------   Zoey/Tuba    -------------- -------------- --------------
 2 --------------   Emma/Flute   -------------- -------------- --------------
 3 -------------- -------------- -------------- -------------- --------------
 4 -------------- -------------- -------------- --------------   Emma/Flute

512+10+512+34+256=1324
0+0+0+0+0=0
0+40+0+18+2=60
0+30+0+15+0=45
1429
