-57 17 -65 -40 46 71 15 -14
-99 -95 -45 -24 14 -99 62 68
-8 -45 98 -69 -48 -68 63 94
5 69 -88 -73 45 20 61 -44
7 51 49 17 -14 -7 51 77
-58 29 63 44 10 77 32 87
-26 -94 -60 97 97 -41 -51 9
63 66 59 65 -15 -78 -5 95
91 33 86 -86 95 14 -68 -87
-93 50 24 60 6 55 -51 -100
-54 90 -79 -27 89 -43 38 -96
-48 -64 13 -92 54 25 72 59
