65952a2281b2103380639d56920ef9556a09d4a1c42ab935d85607be5242bf17
