       Monday        Tuesday       Wednesday       Thursday        Friday
 8   Ella/Flute     Ella/Flute     Ella/Flute   -------------- --------------
 9 -------------- -------------- -------------- -------------- --------------
10 -------------- -------------- -------------- -------------- --------------
11 -------------- -------------- -------------- -------------- Drew/Trombone
       LUNCH          LUNCH          LUNCH          LUNCH          LUNCH
 1 -------------- -------------- -------------- --------------   Lola/Drums
 2 -------------- -------------- -------------- -------------- --------------
 3 -------------- -------------- -------------- -------------- --------------
 4 -------------- -------------- -------------- -------------- --------------

256+256+256+512+18=1298
0+0+0+0+50=50
15+12+9+0+5=41
0+0+0+0+15=15
1404
