ABC 1 10.00
DEF 9 11.25
ABC 11 10.00
ABC 8 11.00
ABC 1 11.00
ABC 10 11.00
AAA 8 11.00
DFE 8 12.00
DEF 1 11.50
DEF 9 10.00
DFE 4 12.00
DFE 8 11.75
AAA 3 11.00
AAB 1 11.00
AAB 1 11.00
DFE 3 11.75
DFE 6 11.50
AAA 12 11.25
ABC 11 11.00
DCE 10 10.00
DCE 9 11.25
DCE 1 11.25
ABC 9 11.25
ABC 1 11.75
DFE 8 11.75
AAA 8 11.50
AAB 1 10.00
ABC 9 11.25
DEF 1 11.75
DEF 7 11.75
DFE 1 11.75
AAB 8 10.00
AAB 2 11.00
ABC 8 11.00
ABC 3 10.00
ABC 1 11.25
ABC 8 11.75
DFE 1 11.75
AAA 9 11.25
AAA 8 11.00
AAA 1 11.00
AAA 8 10.00
DCE 2 10.00
DCE 8 10.00
ABC 2 11.75
ABC 6 10.00
ABC 3 10.00
ABC 6 11.00
ABC 4 11.00
ABC 8 11.50
AAA 3 11.25
AAA 7 11.50
DCE 8 11.00
AAB 7 11.00
AAB 2 11.25
ABC 11 10.00
DEF 1 11.25
DEF 8 11.25
AAA 5 11.50
DEF 3 11.25
DEF 6 11.25
DEF 3 11.75
DFE 4 11.50
DFE 6 11.50
AAA 7 11.50
DFE 3 11.50
DFE 1 11.50
DFE 8 11.25
DFE 4 11.25
DFE 1 11.25
DCE 1 11.00
AAA 5 11.00
AAA 3 11.00
ABC 1 11.25
DCE 8 11.00
DCE 1 11.25
