    UUB
    FUD
    LUD

FUB DRB RLL ULL
BLB UFF DRR FBR
RDF RDF ULF DFB

    DRR
    BDB
    ULL
