+ |5 |5 |13
___________
6 |11|11|19
___________
12|17|17|25
