EEESSSSW
EESESSSW
EESSESSW
EESSSESW
ESEESSSW
ESESESSW
ESESSESW
WSESSESE
WSESSSEE
WSSESESE
WSSESSEE
WSSSEESE
WSSSESEE
WSSSSEEE
