    S     
     N    
      A   
       K Y
        E 
       K  
      N   
     O    
    D     
          