          
    A     
    L   N 
    LI O  
    I O   
    GC N  
    A     
HCIRTSO   
    O     
    R     
