1
2 + 4 = 6
1 x 7 = 7
4 + 5 = 9
4 + 6 = 10
4 + 7 = 11
6 + 6 = 12
6 + 7 = 13
6 + 8 = 14
8 + 8 = 16
8 + 9 = 17
9 + 9 = 18
4 x 5 = 20
3 x 7 = 21
3 x 8 = 24
5 x 5 = 25
