1
1 x 4 = 4
3 + 3 = 6
3 + 4 = 7
4 + 4 = 8
2 x 5 = 10
2 + 9 = 11
