eight, /0een, /0y, /2-/0, /2-/24, /2-/35, /2-/37, /2-one, /2-/50, /2-six, /2-/84, /2-two, eleven, fifteen, fifty, /14-/0, /14-/24, /14-/35, /14-/37, /14-one, /14-/50, /14-six, /14-/84, /14-two, five, forty, /25-/0, /25-/24, /25-/35, /25-/37, /25-one, /25-/50, /25-six, /25-/84, /25-two, four, /35teen, nine, /37teen, /37ty, /39-/0, /39-/24, /39-/35, /39-/37, /39-one, /39-/50, /39-six, /39-/84, /39-two, one, one hundred, seven, /50teen, /50ty, /52-/0, /52-/24, /52-/35, /52-/37, /52-one, /52-/50, /52-six, /52-/84, /52-two, six, sixteen, sixty, /63-/0, /63-/24, /63-/35, /63-/37, /63-one, /63-/50, /63-six, /63-/84, /63-two, ten, thirteen, thirty, /74-/0, /74-/24, /74-/35, /74-/37, /74-one, /74-/50, /74-six, /74-/84, /74-two, three, twelve, twenty, /86-/0, /86-/24, /86-/35, /86-/37, /86-one, /86-/50, /86-six, /86-/84, /86-two, two
