0 0
297 0
297 99
99 99
99 495
297 495
297 297
495 297
495 495
594 495
594 297
792 297
792 0
891 0
891 495
990 495
990 297
1089 297
1089 495
1188 495
1188 297
1485 297
1485 495
1584 495
1584 0
1881 0
1881 198
1782 198
1782 99
1683 99
1683 297
1881 297
1881 495
1980 495
1980 396
2079 396
2079 297
2178 297
2178 396
2277 396
2277 495
2376 495
2376 396
2475 396
2475 297
2574 297
2574 396
2673 396
2673 297
2772 297
2772 495
2871 495
2871 297
3069 297
3069 396
3168 396
3168 594
1386 594
1386 396
1287 396
1287 594
0 594
