          
         E
         L
         I
  RUASONID
         O
         C
         O
         R
         C
