       A       
       I       
       S       
       E       
  O    N    O  
   C   O   C   
    A  R  I    
     N C X     
      OIE      
SEVIDLAMALAYSIA
      AOA      
     C N L     
    A  T  T    
   U   E   A   
       N       
       E       
       G       
       R       
       O       
