-  |8  |-5 |15 
_______________
-8 |16 |3  |23 
_______________
9  |-1 |-14|6  
_______________
1  |7  |-6 |14 
