       Monday        Tuesday       Wednesday       Thursday        Friday
 8 -------------- -------------- -------------- -------------- --------------
 9 -------------- -------------- -------------- -------------- --------------
10 -------------- -------------- -------------- --------------   Ella/Flute
11 -------------- -------------- -------------- --------------   Lola/Drums
       LUNCH          LUNCH          LUNCH          LUNCH          LUNCH
 1 -------------- -------------- -------------- -------------- Drew/Trombone
 2 -------------- -------------- -------------- -------------- --------------
 3 -------------- -------------- -------------- -------------- --------------
 4 -------------- -------------- -------------- -------------- --------------
