0 0
135 0
135 30
150 30
150 45
165 45
165 15
180 15
180 30
195 30
195 15
210 15
210 45
225 45
225 30
240 30
240 0
375 0
375 15
360 15
360 30
345 30
345 45
330 45
330 60
315 60
315 105
270 105
270 120
240 120
240 135
210 135
210 150
195 150
195 165
180 165
180 150
165 150
165 135
135 135
135 120
105 120
105 105
60 105
60 60
45 60
45 45
30 45
30 30
15 30
15 15
0 15
